// Jest Snapshot v1, https://goo.gl/fbAQLP

exports[`Alert Notifications render 1`] = `ShallowWrapper {}`;
