// Jest Snapshot v1, https://goo.gl/fbAQLP

exports[`App Icon render 1`] = `ShallowWrapper {}`;
