// Jest Snapshot v1, https://goo.gl/fbAQLP

exports[`Basic Settings render 1`] = `ShallowWrapper {}`;
