// Jest Snapshot v1, https://goo.gl/fbAQLP

exports[`Notifications render 1`] = `ShallowWrapper {}`;
