// Jest Snapshot v1, https://goo.gl/fbAQLP

exports[`Preferences render 1`] = `ShallowWrapper {}`;
