// Jest Snapshot v1, https://goo.gl/fbAQLP

exports[`Settings Page render 1`] = `ShallowWrapper {}`;
